---
source: tui/src/chatwidget/tests/side.rs
expression: terminal.backend()
---
"┌──────────────────────────────────────────────┐│CONTEXT LEDGER  Total ≈0 tokens"
"› Check recently modified functions for compati││admitted                       "
"└──────────────────────────────────────────────┘│                               "
"      Side from main thread · Ctrl+C to return  │No portable context is         "
"                                                │available.                     "
" Elpis · model gpt-5.6-sol · location /tmp/proje│ACTIVE FILES  ≈0 tokens        "
